// Jest Snapshot v1, https://goo.gl/fbAQLP

exports[`NewPoll will have title and subtitle 1`] = `
Object {
  "asFragment": [Function],
  "baseElement": <body>
    <div>
      <div
        class="poll-new-area"
      >
        <h2
          class="poll-new-title"
        >
          Would You Rather
        </h2>
        <h4
          class="poll-new-subtitle"
        >
          Create Your Own Poll
        </h4>
        <form
          class="poll-new-form"
        >
          <div
            class="option-group"
          >
            <label
              class="option-label"
              for="option1"
            >
              First Option
            </label>
            <input
              class="option-input"
              data-testid="option-one-input"
              id="option1"
              name="option1"
              type="text"
            />
          </div>
          <div
            class="option-group"
          >
            <label
              class="option-label"
              for="option2"
            >
              Second Option
            </label>
            <input
              class="option-input"
              data-testid="option-two-input"
              id="option2"
              name="option2"
              type="text"
            />
          </div>
          <input
            class="create-poll-button"
            data-testid="submit-new-poll"
            disabled=""
            type="submit"
            value="Create"
          />
        </form>
      </div>
    </div>
  </body>,
  "container": <div>
    <div
      class="poll-new-area"
    >
      <h2
        class="poll-new-title"
      >
        Would You Rather
      </h2>
      <h4
        class="poll-new-subtitle"
      >
        Create Your Own Poll
      </h4>
      <form
        class="poll-new-form"
      >
        <div
          class="option-group"
        >
          <label
            class="option-label"
            for="option1"
          >
            First Option
          </label>
          <input
            class="option-input"
            data-testid="option-one-input"
            id="option1"
            name="option1"
            type="text"
          />
        </div>
        <div
          class="option-group"
        >
          <label
            class="option-label"
            for="option2"
          >
            Second Option
          </label>
          <input
            class="option-input"
            data-testid="option-two-input"
            id="option2"
            name="option2"
            type="text"
          />
        </div>
        <input
          class="create-poll-button"
          data-testid="submit-new-poll"
          disabled=""
          type="submit"
          value="Create"
        />
      </form>
    </div>
  </div>,
  "debug": [Function],
  "findAllByAltText": [Function],
  "findAllByDisplayValue": [Function],
  "findAllByLabelText": [Function],
  "findAllByPlaceholderText": [Function],
  "findAllByRole": [Function],
  "findAllByTestId": [Function],
  "findAllByText": [Function],
  "findAllByTitle": [Function],
  "findByAltText": [Function],
  "findByDisplayValue": [Function],
  "findByLabelText": [Function],
  "findByPlaceholderText": [Function],
  "findByRole": [Function],
  "findByTestId": [Function],
  "findByText": [Function],
  "findByTitle": [Function],
  "getAllByAltText": [Function],
  "getAllByDisplayValue": [Function],
  "getAllByLabelText": [Function],
  "getAllByPlaceholderText": [Function],
  "getAllByRole": [Function],
  "getAllByTestId": [Function],
  "getAllByText": [Function],
  "getAllByTitle": [Function],
  "getByAltText": [Function],
  "getByDisplayValue": [Function],
  "getByLabelText": [Function],
  "getByPlaceholderText": [Function],
  "getByRole": [Function],
  "getByTestId": [Function],
  "getByText": [Function],
  "getByTitle": [Function],
  "queryAllByAltText": [Function],
  "queryAllByDisplayValue": [Function],
  "queryAllByLabelText": [Function],
  "queryAllByPlaceholderText": [Function],
  "queryAllByRole": [Function],
  "queryAllByTestId": [Function],
  "queryAllByText": [Function],
  "queryAllByTitle": [Function],
  "queryByAltText": [Function],
  "queryByDisplayValue": [Function],
  "queryByLabelText": [Function],
  "queryByPlaceholderText": [Function],
  "queryByRole": [Function],
  "queryByTestId": [Function],
  "queryByText": [Function],
  "queryByTitle": [Function],
  "rerender": [Function],
  "unmount": [Function],
}
`;
